ffmpeg version 7.1.5-0+deb13u1 Copyright (c) 2000-2026 the FFmpeg developers
  built with gcc 14 (Debian 14.2.0-19)
  configuration: --prefix=/usr --extra-version=0+deb13u1 --toolchain=hardened --libdir=/usr/lib/x86_64-linux-gnu --incdir=/usr/include/x86_64-linux-gnu --arch=amd64 --enable-gpl --disable-stripping --disable-libmfx --disable-omx --enable-gnutls --enable-libaom --enable-libass --enable-libbs2b --enable-libcdio --enable-libcodec2 --enable-libdav1d --enable-libflite --enable-libfontconfig --enable-libfreetype --enable-libfribidi --enable-libglslang --enable-libgme --enable-libgsm --enable-libharfbuzz --enable-libmp3lame --enable-libmysofa --enable-libopenjpeg --enable-libopenmpt --enable-libopus --enable-librubberband --enable-libshine --enable-libsnappy --enable-libsoxr --enable-libspeex --enable-libtheora --enable-libtwolame --enable-libvidstab --enable-libvorbis --enable-libvpx --enable-libwebp --enable-libx265 --enable-libxml2 --enable-libxvid --enable-libzimg --enable-openal --enable-opencl --enable-opengl --disable-sndio --enable-libvpl --enable-libdc1394 --enable-libdrm --enable-libiec61883 --enable-chromaprint --enable-frei0r --enable-ladspa --enable-libbluray --enable-libcaca --enable-libdvdnav --enable-libdvdread --enable-libjack --enable-libpulse --enable-librabbitmq --enable-librist --enable-libsrt --enable-libssh --enable-libsvtav1 --enable-libx264 --enable-libzmq --enable-libzvbi --enable-lv2 --enable-sdl2 --enable-libplacebo --enable-librav1e --enable-pocketsphinx --enable-librsvg --enable-libjxl --enable-shared
  libavutil      59. 39.100 / 59. 39.100
  libavcodec     61. 19.101 / 61. 19.101
  libavformat    61.  7.103 / 61.  7.103
  libavdevice    61.  3.100 / 61.  3.100
  libavfilter    10.  5.100 / 10.  5.100
  libswscale      8.  3.100 /  8.  3.100
  libswresample   5.  3.100 /  5.  3.100
  libpostproc    58.  3.100 / 58.  3.100
Input #0, x11grab, from ':99':
  Duration: N/A, start: 1788342027.880048, bitrate: 392601 kb/s
  Stream #0:0: Video: rawvideo (BGR[0] / 0x524742), bgr0, 852x480, 392601 kb/s, 30 fps, 30 tbr, 1000k tbn
Stream mapping:
  Stream #0:0 -> #0:0 (rawvideo (native) -> h264 (libx264))
Press [q] to stop, [?] for help
[libx264 @ 0x56e92366b800] using cpu capabilities: MMX2 SSE2Fast SSSE3 SSE4.2 AVX FMA3 BMI2 AVX2
[libx264 @ 0x56e92366b800] profile High, level 3.1, 4:2:0, 8-bit
[libx264 @ 0x56e92366b800] 264 - core 164 r3108 31e19f9 - H.264/MPEG-4 AVC codec - Copyleft 2003-2023 - http://www.videolan.org/x264.html - options: cabac=1 ref=1 deblock=1:0:0 analyse=0x3:0x113 me=hex subme=2 psy=1 psy_rd=1.00:0.00 mixed_ref=0 me_range=16 chroma_me=1 trellis=0 8x8dct=1 cqm=0 deadzone=21,11 fast_pskip=1 chroma_qp_offset=0 threads=15 lookahead_threads=3 sliced_threads=0 nr=0 decimate=1 interlaced=0 bluray_compat=0 constrained_intra=0 bframes=3 b_pyramid=2 b_adapt=1 b_bias=0 direct=1 weightb=1 open_gop=0 weightp=1 keyint=250 keyint_min=25 scenecut=40 intra_refresh=0 rc_lookahead=10 rc=crf mbtree=1 crf=23.0 qcomp=0.60 qpmin=0 qpmax=69 qpstep=4 ip_ratio=1.40 aq=1:1.00
Output #0, mp4, to '/tmp/mujoco-review.mp4':
  Metadata:
    encoder         : Lavf61.7.103
  Stream #0:0: Video: h264 (avc1 / 0x31637661), yuv420p(tv, progressive), 852x480, q=2-31, 30 fps, 15360 tbn
      Metadata:
        encoder         : Lavc61.19.101 libx264
      Side data:
        cpb: bitrate max/min/avg: 0/0/0 buffer size: 0 vbv_delay: N/A
frame=    0 fps=0.0 q=0.0 size=       0KiB time=N/A bitrate=N/A speed=N/A    frame=    5 fps=5.0 q=29.0 size=       0KiB time=00:00:00.10 bitrate=   3.8kbits/s speed=0.0998x    frame=   20 fps= 13 q=29.0 size=       0KiB time=00:00:00.60 bitrate=   0.6kbits/s speed=0.399x    frame=   35 fps= 17 q=29.0 size=       0KiB time=00:00:01.10 bitrate=   0.3kbits/s speed=0.549x    frame=   50 fps= 20 q=29.0 size=       0KiB time=00:00:01.60 bitrate=   0.2kbits/s speed=0.639x    frame=   65 fps= 22 q=29.0 size=       0KiB time=00:00:02.10 bitrate=   0.2kbits/s speed=0.699x    frame=   80 fps= 23 q=29.0 size=       0KiB time=00:00:02.60 bitrate=   0.1kbits/s speed=0.742x    frame=   95 fps= 24 q=29.0 size=       0KiB time=00:00:03.10 bitrate=   0.1kbits/s speed=0.774x    frame=  110 fps= 24 q=29.0 size=       0KiB time=00:00:03.60 bitrate=   0.1kbits/s speed=0.799x    frame=  125 fps= 25 q=29.0 size=       0KiB time=00:00:04.10 bitrate=   0.1kbits/s speed=0.819x    [out#0/mp4 @ 0x56e92366d380] video:59KiB audio:0KiB subtitle:0KiB other streams:0KiB global headers:0KiB muxing overhead: 4.796422%
frame=  169 fps= 31 q=-1.0 Lsize=      62KiB time=00:00:05.56 bitrate=  90.6kbits/s speed=1.01x    
[libx264 @ 0x56e92366b800] frame I:1     Avg QP:20.44  size: 26606
[libx264 @ 0x56e92366b800] frame P:42    Avg QP:21.31  size:   652
[libx264 @ 0x56e92366b800] frame B:126   Avg QP:22.53  size:    43
[libx264 @ 0x56e92366b800] consecutive B-frames:  0.6%  0.0%  0.0% 99.4%
[libx264 @ 0x56e92366b800] mb I  I16..4: 24.4% 18.7% 56.9%
[libx264 @ 0x56e92366b800] mb P  I16..4:  0.3%  0.0%  0.1%  P16..4:  1.6%  0.6%  0.5%  0.0%  0.0%    skip:97.0%
[libx264 @ 0x56e92366b800] mb B  I16..4:  0.0%  0.0%  0.0%  B16..8:  0.2%  0.0%  0.0%  direct: 0.5%  skip:99.2%  L0:63.2% L1:36.1% BI: 0.7%
[libx264 @ 0x56e92366b800] 8x8 transform intra:16.7% inter:2.6%
[libx264 @ 0x56e92366b800] coded y,uvDC,uvAC intra: 53.5% 43.7% 20.9% inter: 0.2% 0.5% 0.0%
[libx264 @ 0x56e92366b800] i16 v,h,dc,p: 30% 57% 12%  2%
[libx264 @ 0x56e92366b800] i8 v,h,dc,ddl,ddr,vr,hd,vl,hu: 17% 32% 13%  6%  9%  9%  3%  6%  3%
[libx264 @ 0x56e92366b800] i4 v,h,dc,ddl,ddr,vr,hd,vl,hu: 25% 25% 12%  6%  8% 12%  3%  7%  2%
[libx264 @ 0x56e92366b800] i8c dc,h,v,p: 47% 28% 21%  4%
[libx264 @ 0x56e92366b800] Weighted P-Frames: Y:0.0% UV:0.0%
[libx264 @ 0x56e92366b800] kb/s:84.44
Exiting normally, received signal 2.
